app/badges/page.tsx(32,11): error TS2339: Property 'profile' does not exist on type 'AuthContextValue'.
app/chat/page.tsx(86,5): error TS2339: Property 'isCallActive' does not exist on type '{ startCall: () => Promise<void>; stopCall: () => Promise<void>; }'.
app/chat/page.tsx(86,19): error TS2339: Property 'isListening' does not exist on type '{ startCall: () => Promise<void>; stopCall: () => Promise<void>; }'.
app/chat/page.tsx(86,47): error TS2339: Property 'isSpeaking' does not exist on type '{ startCall: () => Promise<void>; stopCall: () => Promise<void>; }'.
app/chat/page.tsx(86,73): error TS2339: Property 'isLoading' does not exist on type '{ startCall: () => Promise<void>; stopCall: () => Promise<void>; }'.
app/chat/page.tsx(87,5): error TS2339: Property 'transcript' does not exist on type '{ startCall: () => Promise<void>; stopCall: () => Promise<void>; }'.
app/chat/page.tsx(87,17): error TS2339: Property 'messages' does not exist on type '{ startCall: () => Promise<void>; stopCall: () => Promise<void>; }'.
app/chat/page.tsx(88,16): error TS2339: Property 'endCall' does not exist on type '{ startCall: () => Promise<void>; stopCall: () => Promise<void>; }'.
app/chat/page.tsx(88,25): error TS2339: Property 'error' does not exist on type '{ startCall: () => Promise<void>; stopCall: () => Promise<void>; }'.
app/chat/page.tsx(92,9): error TS2551: Property 'getNearby' does not exist on type '{ nearby: () => Promise<AxiosResponse<any, any, {}>>; checkIn: (lat: number, lng: number, user_id: string) => Promise<AxiosResponse<any, any, {}>>; ... 8 more ...; leadCapture: (payload: Record<...>) => Promise<...>; }'. Did you mean 'nearby'?
app/chat/page.tsx(92,26): error TS7006: Parameter 'res' implicitly has an 'any' type.
app/chat/page.tsx(222,42): error TS2554: Expected 0 arguments, but got 2.
app/explore/page.tsx(274,17): error TS2339: Property 'profile' does not exist on type 'AuthContextValue'.
app/explore/page.tsx(274,26): error TS2339: Property 'setProfile' does not exist on type 'AuthContextValue'.
app/explore/page.tsx(275,11): error TS2339: Property 'isCallActive' does not exist on type '{ startCall: () => Promise<void>; stopCall: () => Promise<void>; }'.
app/explore/page.tsx(275,25): error TS2339: Property 'isSpeaking' does not exist on type '{ startCall: () => Promise<void>; stopCall: () => Promise<void>; }'.
app/explore/page.tsx(275,48): error TS2339: Property 'endCall' does not exist on type '{ startCall: () => Promise<void>; stopCall: () => Promise<void>; }'.
app/explore/page.tsx(275,57): error TS2339: Property 'sendZoneContext' does not exist on type '{ startCall: () => Promise<void>; stopCall: () => Promise<void>; }'.
app/explore/page.tsx(500,48): error TS2554: Expected 0 arguments, but got 2.
app/hunt/page.tsx(468,17): error TS2339: Property 'profile' does not exist on type 'AuthContextValue'.
app/hunt/page.tsx(468,26): error TS2339: Property 'setProfile' does not exist on type 'AuthContextValue'.
app/itinerary/page.tsx(76,17): error TS2339: Property 'profile' does not exist on type 'AuthContextValue'.
app/leaderboard/page.tsx(9,11): error TS2339: Property 'profile' does not exist on type 'AuthContextValue'.
app/page.tsx(32,11): error TS2339: Property 'profile' does not exist on type 'AuthContextValue'.
app/page.tsx(33,11): error TS2339: Property 'userType' does not exist on type 'UserContextValue'.
app/page.tsx(33,21): error TS2339: Property 'userConfig' does not exist on type 'UserContextValue'.
app/page.tsx(33,33): error TS2339: Property 'setUserType' does not exist on type 'UserContextValue'.
app/profile/page.tsx(32,11): error TS2339: Property 'profile' does not exist on type 'AuthContextValue'.
app/profile/page.tsx(34,11): error TS2339: Property 'userType' does not exist on type 'UserContextValue'.
app/profile/page.tsx(34,21): error TS2339: Property 'setUserType' does not exist on type 'UserContextValue'.
app/profile/page.tsx(34,34): error TS2339: Property 'userConfig' does not exist on type 'UserContextValue'.
app/profile/page.tsx(53,35): error TS7006: Parameter 'part' implicitly has an 'any' type.
app/quiz/page.tsx(58,17): error TS2339: Property 'profile' does not exist on type 'AuthContextValue'.
app/quiz/page.tsx(58,26): error TS2339: Property 'setProfile' does not exist on type 'AuthContextValue'.
app/quiz/page.tsx(63,9): error TS2551: Property 'getNearby' does not exist on type '{ nearby: () => Promise<AxiosResponse<any, any, {}>>; checkIn: (lat: number, lng: number, user_id: string) => Promise<AxiosResponse<any, any, {}>>; ... 8 more ...; leadCapture: (payload: Record<...>) => Promise<...>; }'. Did you mean 'nearby'?
app/quiz/page.tsx(63,26): error TS7006: Parameter 'res' implicitly has an 'any' type.
app/quiz/page.tsx(82,9): error TS2339: Property 'getQuestions' does not exist on type '{ nearby: () => Promise<AxiosResponse<any, any, {}>>; checkIn: (lat: number, lng: number, user_id: string) => Promise<AxiosResponse<any, any, {}>>; ... 8 more ...; leadCapture: (payload: Record<...>) => Promise<...>; }'.
app/quiz/page.tsx(83,13): error TS7006: Parameter 'res' implicitly has an 'any' type.
app/quiz/page.tsx(113,23): error TS7006: Parameter 'prev' implicitly has an 'any' type.
app/recognition/page.tsx(96,17): error TS2339: Property 'profile' does not exist on type 'AuthContextValue'.
app/recognition/page.tsx(96,26): error TS2339: Property 'setProfile' does not exist on type 'AuthContextValue'.
app/recognition/page.tsx(101,5): error TS2339: Property 'isSpeaking' does not exist on type '{ speak: (text: string, lang?: string) => void; stop: () => void; }'.
app/recognition/page.tsx(101,24): error TS2339: Property 'stopSpeaking' does not exist on type '{ speak: (text: string, lang?: string) => void; stop: () => void; }'.
app/recognition/page.tsx(102,5): error TS2339: Property 'isListening' does not exist on type '{ speak: (text: string, lang?: string) => void; stop: () => void; }'.
app/recognition/page.tsx(102,18): error TS2339: Property 'startListening' does not exist on type '{ speak: (text: string, lang?: string) => void; stop: () => void; }'.
app/recognition/page.tsx(102,34): error TS2339: Property 'stopListening' does not exist on type '{ speak: (text: string, lang?: string) => void; stop: () => void; }'.
app/recognition/page.tsx(103,5): error TS2339: Property 'isThinking' does not exist on type '{ speak: (text: string, lang?: string) => void; stop: () => void; }'.
app/recognition/page.tsx(103,17): error TS2339: Property 'lastAnswer' does not exist on type '{ speak: (text: string, lang?: string) => void; stop: () => void; }'.
app/recognition/page.tsx(104,5): error TS2339: Property 'lang' does not exist on type '{ speak: (text: string, lang?: string) => void; stop: () => void; }'.
app/recognition/page.tsx(104,22): error TS2339: Property 'setLang' does not exist on type '{ speak: (text: string, lang?: string) => void; stop: () => void; }'.
app/recognition/page.tsx(105,5): error TS2339: Property 'isMuted' does not exist on type '{ speak: (text: string, lang?: string) => void; stop: () => void; }'.
app/recognition/page.tsx(105,14): error TS2339: Property 'toggleMute' does not exist on type '{ speak: (text: string, lang?: string) => void; stop: () => void; }'.
app/recognition/page.tsx(218,58): error TS2554: Expected 2 arguments, but got 3.
components/sidebar.tsx(28,11): error TS2339: Property 'userType' does not exist on type 'UserContextValue'.
components/sidebar.tsx(28,21): error TS2339: Property 'userConfig' does not exist on type 'UserContextValue'.
components/sidebar.tsx(28,33): error TS2339: Property 'setUserType' does not exist on type 'UserContextValue'.
components/sidebar.tsx(29,17): error TS2339: Property 'profile' does not exist on type 'AuthContextValue'.
components/top-nav.tsx(27,17): error TS2339: Property 'profile' does not exist on type 'AuthContextValue'.
components/top-nav.tsx(29,11): error TS2339: Property 'userType' does not exist on type 'UserContextValue'.
components/top-nav.tsx(29,21): error TS2339: Property 'userConfig' does not exist on type 'UserContextValue'.
components/top-nav.tsx(29,33): error TS2339: Property 'setUserType' does not exist on type 'UserContextValue'.
components/TopBar.tsx(12,11): error TS2339: Property 'profile' does not exist on type 'AuthContextValue'.
components/TopBar.tsx(19,13): error TS7006: Parameter 'part' implicitly has an 'any' type.
components/ui/toaster.tsx(14,11): error TS2339: Property 'toasts' does not exist on type '{ success: (msg: string) => string | number; error: (msg: string) => string | number; info: (msg: string) => string | number; }'.
components/ui/toaster.tsx(18,31): error TS7031: Binding element 'id' implicitly has an 'any' type.
components/ui/toaster.tsx(18,35): error TS7031: Binding element 'title' implicitly has an 'any' type.
components/ui/toaster.tsx(18,42): error TS7031: Binding element 'description' implicitly has an 'any' type.
components/ui/toaster.tsx(18,55): error TS7031: Binding element 'action' implicitly has an 'any' type.
components/user-selection.tsx(2,19): error TS2305: Module '"@/lib/userContext"' has no exported member 'USER_TYPES'.
components/user-selection.tsx(4,10): error TS2305: Module '"@/lib/authClient"' has no exported member 'updateUserProfile'.
components/user-selection.tsx(8,11): error TS2339: Property 'setUserType' does not exist on type 'UserContextValue'.
components/user-selection.tsx(27,47): error TS18046: 'cfg' is of type 'unknown'.
components/user-selection.tsx(27,76): error TS18046: 'cfg' is of type 'unknown'.
components/user-selection.tsx(28,177): error TS18046: 'cfg' is of type 'unknown'.
components/user-selection.tsx(30,72): error TS18046: 'cfg' is of type 'unknown'.
components/user-selection.tsx(38,16): error TS18046: 'cfg' is of type 'unknown'.
components/user-selection.tsx(38,39): error TS7006: Parameter 'focus' implicitly has an 'any' type.
components/user-selection.tsx(38,46): error TS7006: Parameter 'i' implicitly has an 'any' type.
components/user-selection.tsx(42,92): error TS18046: 'cfg' is of type 'unknown'.
components/user-selection.tsx(44,86): error TS18046: 'cfg' is of type 'unknown'.
components/user-selection.tsx(44,100): error TS18046: 'cfg' is of type 'unknown'.
